src/components/analytics/event-stats.tsx(104,59): error TS2322: Type '{ accessibilityLayer: boolean; }' is not assignable to type 'IntrinsicAttributes & Omit<Props<ValueType, NameType>, "label" | "payload" | "accessibilityLayer" | "labelFormatter"> & ClassAttributes<...> & HTMLAttributes<...> & { ...; }'.
  Property 'accessibilityLayer' does not exist on type 'IntrinsicAttributes & Omit<Props<ValueType, NameType>, "label" | "payload" | "accessibilityLayer" | "labelFormatter"> & ClassAttributes<...> & HTMLAttributes<...> & { ...; }'.
src/components/analytics/event-stats.tsx(130,84): error TS2322: Type '{ hideLabel: true; accessibilityLayer: boolean; }' is not assignable to type 'IntrinsicAttributes & Omit<Props<ValueType, NameType>, "label" | "payload" | "accessibilityLayer" | "labelFormatter"> & ClassAttributes<...> & HTMLAttributes<...> & { ...; }'.
  Property 'accessibilityLayer' does not exist on type 'IntrinsicAttributes & Omit<Props<ValueType, NameType>, "label" | "payload" | "accessibilityLayer" | "labelFormatter"> & ClassAttributes<...> & HTMLAttributes<...> & { ...; }'.
src/components/ui/chart.tsx(110,3): error TS2339: Property 'active' does not exist on type 'Omit<Props<ValueType, NameType>, "label" | "payload" | "accessibilityLayer" | "labelFormatter"> & ClassAttributes<HTMLDivElement> & HTMLAttributes<...> & { ...; }'.
src/components/ui/chart.tsx(194,15): error TS2322: Type 'DataKey<any> | undefined' is not assignable to type 'Key | null | undefined'.
  Type '(obj: any) => any' is not assignable to type 'Key | null | undefined'.
src/components/ui/chart.tsx(265,39): error TS2344: Type '"payload" | "verticalAlign"' does not satisfy the constraint '"string" | "path" | "href" | "origin" | "media" | "type" | "filter" | "fill" | "values" | "style" | "clipPath" | "mask" | "key" | "suppressHydrationWarning" | "className" | "id" | ... 430 more ... | "onBBoxUpdate"'.
  Type '"payload"' is not assignable to type '"string" | "path" | "href" | "origin" | "media" | "type" | "filter" | "fill" | "values" | "style" | "clipPath" | "mask" | "key" | "suppressHydrationWarning" | "className" | "id" | ... 430 more ... | "onBBoxUpdate"'.
src/components/ui/chart.tsx(271,17): error TS2339: Property 'length' does not exist on type '{}'.
src/components/ui/chart.tsx(283,16): error TS2339: Property 'map' does not exist on type '{}'.
src/components/ui/chart.tsx(283,21): error TS7006: Parameter 'item' implicitly has an 'any' type.
src/components/ui/form.tsx(14,8): error TS2307: Cannot find module 'react-hook-form' or its corresponding type declarations.
src/components/ui/resizable.tsx(5,37): error TS2307: Cannot find module 'react-resizable-panels' or its corresponding type declarations.
src/components/ui/sidebar.tsx(8,29): error TS2307: Cannot find module '@/hooks/use-mobile' or its corresponding type declarations.
